{
  "resources": {
    "azurerm_resource_group.app_rg": {
      "mode": "managed",
      "name": "app_rg",
      "provider_name": "registry.terraform.io/hashicorp/azurerm",
      "schema_version": 0,
      "sensitive_values": {
        "tags": {}
      },
      "type": "azurerm_resource_group",
      "values": {
        "location": "swedencentral",
        "managed_by": null,
        "name": "camunda-rg",
        "tags": {
          "Environment": "Testing",
          "Purpose": "Reference Implementation"
        },
        "timeouts": null
      }
    },
    "module.aks": {
      "resources": {
        "module.aks.azurerm_kubernetes_cluster.aks": {
          "mode": "managed",
          "name": "aks",
          "provider_name": "registry.terraform.io/hashicorp/azurerm",
          "schema_version": 2,
          "sensitive_values": {
            "aci_connector_linux": [],
            "api_server_access_profile": [],
            "auto_scaler_profile": [],
            "azure_active_directory_role_based_access_control": [],
            "confidential_computing": [],
            "default_node_pool": [
              {
                "kubelet_config": [],
                "linux_os_config": [],
                "node_labels": {},
                "node_network_profile": [],
                "upgrade_settings": [
                  {}
                ],
                "zones": [
                  false,
                  false,
                  false
                ]
              }
            ],
            "http_proxy_config": [],
            "identity": [
              {
                "identity_ids": []
              }
            ],
            "ingress_application_gateway": [],
            "key_management_service": [
              {}
            ],
            "key_vault_secrets_provider": [],
            "kube_admin_config": true,
            "kube_admin_config_raw": true,
            "kube_config": true,
            "kube_config_raw": true,
            "kubelet_identity": [],
            "linux_profile": [],
            "maintenance_window": [],
            "maintenance_window_auto_upgrade": [],
            "maintenance_window_node_os": [],
            "microsoft_defender": [],
            "monitor_metrics": [],
            "network_profile": [
              {
                "ip_versions": [],
                "load_balancer_profile": [],
                "nat_gateway_profile": [],
                "pod_cidrs": [],
                "service_cidrs": []
              }
            ],
            "oms_agent": [],
            "service_mesh_profile": [],
            "service_principal": [],
            "storage_profile": [],
            "tags": {},
            "upgrade_override": [],
            "web_app_routing": [],
            "windows_profile": [],
            "workload_autoscaler_profile": []
          },
          "type": "azurerm_kubernetes_cluster",
          "values": {
            "aci_connector_linux": [],
            "api_server_access_profile": [],
            "automatic_upgrade_channel": null,
            "azure_active_directory_role_based_access_control": [],
            "azure_policy_enabled": null,
            "confidential_computing": [],
            "cost_analysis_enabled": null,
            "custom_ca_trust_certificates_base64": null,
            "default_node_pool": [
              {
                "auto_scaling_enabled": null,
                "capacity_reservation_group_id": null,
                "fips_enabled": null,
                "gpu_driver": null,
                "gpu_instance": null,
                "host_encryption_enabled": null,
                "host_group_id": null,
                "kubelet_config": [],
                "linux_os_config": [],
                "max_count": null,
                "max_pods": 30,
                "min_count": null,
                "name": "system",
                "node_count": 1,
                "node_labels": {
                  "environment": "production",
                  "nodepool-type": "system"
                },
                "node_network_profile": [],
                "node_public_ip_enabled": null,
                "node_public_ip_prefix_id": null,
                "only_critical_addons_enabled": true,
                "orchestrator_version": "1.33",
                "os_disk_size_gb": 30,
                "os_disk_type": "Managed",
                "pod_subnet_id": null,
                "proximity_placement_group_id": null,
                "scale_down_mode": "Delete",
                "snapshot_id": null,
                "tags": null,
                "temporary_name_for_rotation": null,
                "type": "VirtualMachineScaleSets",
                "ultra_ssd_enabled": false,
                "upgrade_settings": [
                  {
                    "drain_timeout_in_minutes": 0,
                    "max_surge": "10%",
                    "node_soak_duration_in_minutes": 0
                  }
                ],
                "vm_size": "Standard_D2as_v6",
                "zones": [
                  "1",
                  "2",
                  "3"
                ]
              }
            ],
            "disk_encryption_set_id": null,
            "dns_prefix": "camunda-aks-dns",
            "dns_prefix_private_cluster": null,
            "edge_zone": null,
            "http_application_routing_enabled": null,
            "http_proxy_config": [],
            "identity": [
              {
                "type": "UserAssigned"
              }
            ],
            "image_cleaner_enabled": null,
            "image_cleaner_interval_hours": null,
            "ingress_application_gateway": [],
            "key_management_service": [
              {
                "key_vault_network_access": "Public"
              }
            ],
            "key_vault_secrets_provider": [],
            "kubernetes_version": "1.33",
            "linux_profile": [],
            "local_account_disabled": null,
            "location": "swedencentral",
            "maintenance_window": [],
            "maintenance_window_auto_upgrade": [],
            "maintenance_window_node_os": [],
            "microsoft_defender": [],
            "monitor_metrics": [],
            "name": "camunda-aks",
            "network_profile": [
              {
                "dns_service_ip": "10.0.0.10",
                "load_balancer_sku": "standard",
                "network_data_plane": "azure",
                "network_plugin": "azure",
                "network_plugin_mode": null,
                "network_policy": "calico",
                "outbound_type": "loadBalancer",
                "service_cidr": "10.0.0.0/16"
              }
            ],
            "node_os_upgrade_channel": "NodeImage",
            "oidc_issuer_enabled": null,
            "oms_agent": [],
            "open_service_mesh_enabled": null,
            "private_cluster_enabled": false,
            "private_cluster_public_fqdn_enabled": false,
            "resource_group_name": "camunda-rg",
            "role_based_access_control_enabled": true,
            "run_command_enabled": true,
            "service_mesh_profile": [],
            "service_principal": [],
            "sku_tier": "Free",
            "storage_profile": [],
            "support_plan": "KubernetesOfficial",
            "tags": {
              "Environment": "Testing",
              "Purpose": "Reference Implementation"
            },
            "timeouts": null,
            "upgrade_override": [],
            "web_app_routing": [],
            "workload_autoscaler_profile": [],
            "workload_identity_enabled": false
          }
        },
        "module.aks.azurerm_kubernetes_cluster_node_pool.user": {
          "mode": "managed",
          "name": "user",
          "provider_name": "registry.terraform.io/hashicorp/azurerm",
          "schema_version": 1,
          "sensitive_values": {
            "kubelet_config": [],
            "linux_os_config": [],
            "node_labels": {},
            "node_network_profile": [],
            "tags": {},
            "upgrade_settings": [],
            "windows_profile": [],
            "zones": [
              false,
              false,
              false
            ]
          },
          "type": "azurerm_kubernetes_cluster_node_pool",
          "values": {
            "auto_scaling_enabled": null,
            "capacity_reservation_group_id": null,
            "eviction_policy": null,
            "fips_enabled": null,
            "gpu_driver": null,
            "gpu_instance": null,
            "host_encryption_enabled": null,
            "host_group_id": null,
            "kubelet_config": [],
            "linux_os_config": [],
            "max_count": null,
            "max_pods": 30,
            "min_count": null,
            "mode": "User",
            "name": "user",
            "node_count": 5,
            "node_labels": {
              "app": "camunda",
              "nodepool-type": "user"
            },
            "node_network_profile": [],
            "node_public_ip_enabled": null,
            "node_public_ip_prefix_id": null,
            "node_taints": null,
            "orchestrator_version": "1.33",
            "os_disk_size_gb": 30,
            "os_disk_type": "Managed",
            "os_type": "Linux",
            "pod_subnet_id": null,
            "priority": "Regular",
            "proximity_placement_group_id": null,
            "scale_down_mode": "Delete",
            "snapshot_id": null,
            "spot_max_price": -1,
            "tags": {
              "Environment": "Testing",
              "Purpose": "Reference Implementation"
            },
            "temporary_name_for_rotation": null,
            "timeouts": null,
            "ultra_ssd_enabled": false,
            "upgrade_settings": [],
            "vm_size": "Standard_D4as_v6",
            "windows_profile": [],
            "workload_runtime": null,
            "zones": [
              "1",
              "2",
              "3"
            ]
          }
        },
        "module.aks.azurerm_role_assignment.kubelet_dns[0]": {
          "index": 0,
          "mode": "managed",
          "name": "kubelet_dns",
          "provider_name": "registry.terraform.io/hashicorp/azurerm",
          "schema_version": 0,
          "sensitive_values": {},
          "type": "azurerm_role_assignment",
          "values": {
            "condition": null,
            "delegated_managed_identity_resource_id": null,
            "description": null,
            "principal_type": "ServicePrincipal",
            "role_definition_name": "DNS Zone Contributor",
            "scope": "/subscriptions/5667840f-dd25-4fe1-99ee-5e752ec80b5c/resourceGroups/rg-infraex-global-permanent/providers/Microsoft.Network/dnszones/azure.camunda.ie",
            "timeouts": null
          }
        }
      }
    },
    "module.kms": {
      "resources": {
        "module.kms.azurerm_key_vault.this": {
          "mode": "managed",
          "name": "this",
          "provider_name": "registry.terraform.io/hashicorp/azurerm",
          "schema_version": 2,
          "sensitive_values": {
            "access_policy": [],
            "contact": [],
            "network_acls": [
              {}
            ],
            "tags": {}
          },
          "type": "azurerm_key_vault",
          "values": {
            "enable_rbac_authorization": true,
            "enabled_for_deployment": null,
            "enabled_for_disk_encryption": true,
            "enabled_for_template_deployment": true,
            "location": "swedencentral",
            "name": "camunda-kv",
            "network_acls": [
              {
                "bypass": "AzureServices",
                "default_action": "Allow",
                "ip_rules": null,
                "virtual_network_subnet_ids": null
              }
            ],
            "public_network_access_enabled": true,
            "purge_protection_enabled": true,
            "resource_group_name": "camunda-rg",
            "sku_name": "standard",
            "soft_delete_retention_days": 90,
            "tags": {
              "Environment": "Testing",
              "Purpose": "Reference Implementation"
            },
            "tenant_id": "cbd46654-4f74-4332-a490-69f0f071ba9f",
            "timeouts": null
          }
        },
        "module.kms.azurerm_key_vault_access_policy.aks_kms": {
          "mode": "managed",
          "name": "aks_kms",
          "provider_name": "registry.terraform.io/hashicorp/azurerm",
          "schema_version": 0,
          "sensitive_values": {
            "key_permissions": [
              false,
              false,
              false,
              false,
              false,
              false,
              false,
              false,
              false,
              false
            ]
          },
          "type": "azurerm_key_vault_access_policy",
          "values": {
            "application_id": null,
            "certificate_permissions": null,
            "key_permissions": [
              "Get",
              "List",
              "Create",
              "Delete",
              "Update",
              "Import",
              "Encrypt",
              "Decrypt",
              "WrapKey",
              "UnwrapKey"
            ],
            "secret_permissions": null,
            "storage_permissions": null,
            "tenant_id": "cbd46654-4f74-4332-a490-69f0f071ba9f",
            "timeouts": null
          }
        },
        "module.kms.azurerm_key_vault_access_policy.tf_kv": {
          "mode": "managed",
          "name": "tf_kv",
          "provider_name": "registry.terraform.io/hashicorp/azurerm",
          "schema_version": 0,
          "sensitive_values": {
            "key_permissions": [
              false,
              false,
              false,
              false,
              false,
              false,
              false,
              false,
              false,
              false
            ]
          },
          "type": "azurerm_key_vault_access_policy",
          "values": {
            "application_id": null,
            "certificate_permissions": null,
            "key_permissions": [
              "Get",
              "List",
              "Create",
              "Delete",
              "WrapKey",
              "UnwrapKey",
              "GetRotationPolicy",
              "SetRotationPolicy",
              "Update",
              "Rotate"
            ],
            "object_id": "4138cee6-a588-4911-9ddb-3b24145d639f",
            "secret_permissions": null,
            "storage_permissions": null,
            "tenant_id": "cbd46654-4f74-4332-a490-69f0f071ba9f",
            "timeouts": null
          }
        },
        "module.kms.azurerm_key_vault_key.this": {
          "mode": "managed",
          "name": "this",
          "provider_name": "registry.terraform.io/hashicorp/azurerm",
          "schema_version": 0,
          "sensitive_values": {
            "key_opts": [
              false,
              false
            ],
            "rotation_policy": []
          },
          "type": "azurerm_key_vault_key",
          "values": {
            "expiration_date": "2035-12-31T23:59:59Z",
            "key_opts": [
              "encrypt",
              "decrypt"
            ],
            "key_size": 3072,
            "key_type": "RSA",
            "name": "camunda-kek",
            "not_before_date": null,
            "rotation_policy": [],
            "tags": null,
            "timeouts": null
          }
        },
        "module.kms.azurerm_role_assignment.tf_sp_kv_admin": {
          "mode": "managed",
          "name": "tf_sp_kv_admin",
          "provider_name": "registry.terraform.io/hashicorp/azurerm",
          "schema_version": 0,
          "sensitive_values": {},
          "type": "azurerm_role_assignment",
          "values": {
            "condition": null,
            "delegated_managed_identity_resource_id": null,
            "description": null,
            "principal_id": "4138cee6-a588-4911-9ddb-3b24145d639f",
            "principal_type": "ServicePrincipal",
            "role_definition_name": "Key Vault Administrator",
            "timeouts": null
          }
        },
        "module.kms.azurerm_role_assignment.tf_sp_kv_crypto_officer": {
          "mode": "managed",
          "name": "tf_sp_kv_crypto_officer",
          "provider_name": "registry.terraform.io/hashicorp/azurerm",
          "schema_version": 0,
          "sensitive_values": {},
          "type": "azurerm_role_assignment",
          "values": {
            "condition": null,
            "delegated_managed_identity_resource_id": null,
            "description": null,
            "principal_id": "4138cee6-a588-4911-9ddb-3b24145d639f",
            "principal_type": "ServicePrincipal",
            "role_definition_name": "Key Vault Crypto Officer",
            "timeouts": null
          }
        },
        "module.kms.azurerm_role_assignment.uami_crypto_user": {
          "mode": "managed",
          "name": "uami_crypto_user",
          "provider_name": "registry.terraform.io/hashicorp/azurerm",
          "schema_version": 0,
          "sensitive_values": {},
          "type": "azurerm_role_assignment",
          "values": {
            "condition": null,
            "delegated_managed_identity_resource_id": null,
            "description": null,
            "role_definition_name": "Key Vault Crypto User",
            "timeouts": null
          }
        },
        "module.kms.azurerm_role_assignment.uami_secrets_user": {
          "mode": "managed",
          "name": "uami_secrets_user",
          "provider_name": "registry.terraform.io/hashicorp/azurerm",
          "schema_version": 0,
          "sensitive_values": {},
          "type": "azurerm_role_assignment",
          "values": {
            "condition": null,
            "delegated_managed_identity_resource_id": null,
            "description": null,
            "role_definition_name": "Key Vault Secrets User",
            "timeouts": null
          }
        },
        "module.kms.azurerm_user_assigned_identity.this": {
          "mode": "managed",
          "name": "this",
          "provider_name": "registry.terraform.io/hashicorp/azurerm",
          "schema_version": 1,
          "sensitive_values": {},
          "type": "azurerm_user_assigned_identity",
          "values": {
            "location": "swedencentral",
            "name": "camunda-uai",
            "resource_group_name": "camunda-rg",
            "tags": null,
            "timeouts": null
          }
        }
      }
    },
    "module.network": {
      "resources": {
        "module.network.azurerm_network_security_group.aks_nsg": {
          "mode": "managed",
          "name": "aks_nsg",
          "provider_name": "registry.terraform.io/hashicorp/azurerm",
          "schema_version": 0,
          "sensitive_values": {
            "security_rule": [
              {
                "destination_address_prefixes": [],
                "destination_application_security_group_ids": [],
                "destination_port_ranges": [],
                "source_address_prefixes": [],
                "source_application_security_group_ids": [],
                "source_port_ranges": []
              },
              {
                "destination_address_prefixes": [],
                "destination_application_security_group_ids": [],
                "destination_port_ranges": [],
                "source_address_prefixes": [],
                "source_application_security_group_ids": [],
                "source_port_ranges": []
              }
            ],
            "tags": {}
          },
          "type": "azurerm_network_security_group",
          "values": {
            "location": "swedencentral",
            "name": "camunda-aks-nsg",
            "resource_group_name": "camunda-rg",
            "security_rule": [
              {
                "access": "Allow",
                "description": "",
                "destination_address_prefix": "*",
                "destination_address_prefixes": [],
                "destination_application_security_group_ids": [],
                "destination_port_range": "443",
                "destination_port_ranges": [],
                "direction": "Inbound",
                "name": "AllowHTTPS",
                "priority": 110,
                "protocol": "Tcp",
                "source_address_prefix": "*",
                "source_address_prefixes": [],
                "source_application_security_group_ids": [],
                "source_port_range": "*",
                "source_port_ranges": []
              },
              {
                "access": "Allow",
                "description": "",
                "destination_address_prefix": "VirtualNetwork",
                "destination_address_prefixes": [],
                "destination_application_security_group_ids": [],
                "destination_port_range": "*",
                "destination_port_ranges": [],
                "direction": "Inbound",
                "name": "AllowAllInternal",
                "priority": 100,
                "protocol": "*",
                "source_address_prefix": "VirtualNetwork",
                "source_address_prefixes": [],
                "source_application_security_group_ids": [],
                "source_port_range": "*",
                "source_port_ranges": []
              }
            ],
            "tags": {
              "Environment": "Testing",
              "Purpose": "Reference Implementation"
            },
            "timeouts": null
          }
        },
        "module.network.azurerm_network_security_group.pe_nsg": {
          "mode": "managed",
          "name": "pe_nsg",
          "provider_name": "registry.terraform.io/hashicorp/azurerm",
          "schema_version": 0,
          "sensitive_values": {
            "security_rule": [
              {
                "destination_address_prefixes": [],
                "destination_application_security_group_ids": [],
                "destination_port_ranges": [],
                "source_address_prefixes": [],
                "source_application_security_group_ids": [],
                "source_port_ranges": []
              },
              {
                "destination_address_prefixes": [],
                "destination_application_security_group_ids": [],
                "destination_port_ranges": [],
                "source_address_prefixes": [],
                "source_application_security_group_ids": [],
                "source_port_ranges": []
              }
            ],
            "tags": {}
          },
          "type": "azurerm_network_security_group",
          "values": {
            "location": "swedencentral",
            "name": "camunda-pe-nsg",
            "resource_group_name": "camunda-rg",
            "security_rule": [
              {
                "access": "Allow",
                "description": "",
                "destination_address_prefix": "*",
                "destination_address_prefixes": [],
                "destination_application_security_group_ids": [],
                "destination_port_range": "5432",
                "destination_port_ranges": [],
                "direction": "Inbound",
                "name": "AllowPostgresFromAKS",
                "priority": 100,
                "protocol": "Tcp",
                "source_address_prefix": "10.1.0.0/24",
                "source_address_prefixes": [],
                "source_application_security_group_ids": [],
                "source_port_range": "*",
                "source_port_ranges": []
              },
              {
                "access": "Deny",
                "description": "",
                "destination_address_prefix": "*",
                "destination_address_prefixes": [],
                "destination_application_security_group_ids": [],
                "destination_port_range": "*",
                "destination_port_ranges": [],
                "direction": "Inbound",
                "name": "DenyAllInbound",
                "priority": 200,
                "protocol": "*",
                "source_address_prefix": "*",
                "source_address_prefixes": [],
                "source_application_security_group_ids": [],
                "source_port_range": "*",
                "source_port_ranges": []
              }
            ],
            "tags": {
              "Environment": "Testing",
              "Purpose": "Reference Implementation"
            },
            "timeouts": null
          }
        },
        "module.network.azurerm_private_dns_zone.postgres": {
          "mode": "managed",
          "name": "postgres",
          "provider_name": "registry.terraform.io/hashicorp/azurerm",
          "schema_version": 0,
          "sensitive_values": {
            "soa_record": [],
            "tags": {}
          },
          "type": "azurerm_private_dns_zone",
          "values": {
            "name": "privatelink.postgres.database.azure.com",
            "resource_group_name": "camunda-rg",
            "tags": {
              "Environment": "Testing",
              "Purpose": "Reference Implementation"
            },
            "timeouts": null
          }
        },
        "module.network.azurerm_private_dns_zone_virtual_network_link.postgres_vnet_link": {
          "mode": "managed",
          "name": "postgres_vnet_link",
          "provider_name": "registry.terraform.io/hashicorp/azurerm",
          "schema_version": 0,
          "sensitive_values": {
            "tags": {}
          },
          "type": "azurerm_private_dns_zone_virtual_network_link",
          "values": {
            "name": "camunda-postgres-vnet-link",
            "private_dns_zone_name": "privatelink.postgres.database.azure.com",
            "registration_enabled": false,
            "resource_group_name": "camunda-rg",
            "tags": {
              "Environment": "Testing",
              "Purpose": "Reference Implementation"
            },
            "timeouts": null
          }
        },
        "module.network.azurerm_subnet.aks_subnet": {
          "mode": "managed",
          "name": "aks_subnet",
          "provider_name": "registry.terraform.io/hashicorp/azurerm",
          "schema_version": 0,
          "sensitive_values": {
            "address_prefixes": [
              false
            ],
            "delegation": [],
            "ip_address_pool": []
          },
          "type": "azurerm_subnet",
          "values": {
            "address_prefixes": [
              "10.1.0.0/24"
            ],
            "default_outbound_access_enabled": true,
            "delegation": [],
            "ip_address_pool": [],
            "name": "camunda-aks-subnet",
            "private_endpoint_network_policies": "Disabled",
            "private_link_service_network_policies_enabled": true,
            "resource_group_name": "camunda-rg",
            "service_endpoint_policy_ids": null,
            "service_endpoints": null,
            "timeouts": null,
            "virtual_network_name": "camunda-vnet"
          }
        },
        "module.network.azurerm_subnet.db_subnet": {
          "mode": "managed",
          "name": "db_subnet",
          "provider_name": "registry.terraform.io/hashicorp/azurerm",
          "schema_version": 0,
          "sensitive_values": {
            "address_prefixes": [
              false
            ],
            "delegation": [
              {
                "service_delegation": [
                  {
                    "actions": [
                      false
                    ]
                  }
                ]
              }
            ],
            "ip_address_pool": []
          },
          "type": "azurerm_subnet",
          "values": {
            "address_prefixes": [
              "10.1.1.0/24"
            ],
            "default_outbound_access_enabled": true,
            "delegation": [
              {
                "name": "db-delegation",
                "service_delegation": [
                  {
                    "actions": [
                      "Microsoft.Network/virtualNetworks/subnets/join/action"
                    ],
                    "name": "Microsoft.DBforPostgreSQL/flexibleServers"
                  }
                ]
              }
            ],
            "ip_address_pool": [],
            "name": "camunda-db-subnet",
            "private_endpoint_network_policies": "Disabled",
            "private_link_service_network_policies_enabled": true,
            "resource_group_name": "camunda-rg",
            "service_endpoint_policy_ids": null,
            "service_endpoints": null,
            "timeouts": null,
            "virtual_network_name": "camunda-vnet"
          }
        },
        "module.network.azurerm_subnet.pe_subnet": {
          "mode": "managed",
          "name": "pe_subnet",
          "provider_name": "registry.terraform.io/hashicorp/azurerm",
          "schema_version": 0,
          "sensitive_values": {
            "address_prefixes": [
              false
            ],
            "delegation": [],
            "ip_address_pool": []
          },
          "type": "azurerm_subnet",
          "values": {
            "address_prefixes": [
              "10.1.2.0/24"
            ],
            "default_outbound_access_enabled": true,
            "delegation": [],
            "ip_address_pool": [],
            "name": "camunda-pe-subnet",
            "private_endpoint_network_policies": "Disabled",
            "private_link_service_network_policies_enabled": true,
            "resource_group_name": "camunda-rg",
            "service_endpoint_policy_ids": null,
            "service_endpoints": null,
            "timeouts": null,
            "virtual_network_name": "camunda-vnet"
          }
        },
        "module.network.azurerm_subnet_network_security_group_association.aks_nsg_association": {
          "mode": "managed",
          "name": "aks_nsg_association",
          "provider_name": "registry.terraform.io/hashicorp/azurerm",
          "schema_version": 0,
          "sensitive_values": {},
          "type": "azurerm_subnet_network_security_group_association",
          "values": {
            "timeouts": null
          }
        },
        "module.network.azurerm_subnet_network_security_group_association.pe_nsg_association": {
          "mode": "managed",
          "name": "pe_nsg_association",
          "provider_name": "registry.terraform.io/hashicorp/azurerm",
          "schema_version": 0,
          "sensitive_values": {},
          "type": "azurerm_subnet_network_security_group_association",
          "values": {
            "timeouts": null
          }
        },
        "module.network.azurerm_virtual_network.aks_vnet": {
          "mode": "managed",
          "name": "aks_vnet",
          "provider_name": "registry.terraform.io/hashicorp/azurerm",
          "schema_version": 0,
          "sensitive_values": {
            "address_space": [
              false
            ],
            "ddos_protection_plan": [],
            "dns_servers": [],
            "encryption": [],
            "ip_address_pool": [],
            "subnet": [],
            "tags": {}
          },
          "type": "azurerm_virtual_network",
          "values": {
            "address_space": [
              "10.1.0.0/16"
            ],
            "bgp_community": null,
            "ddos_protection_plan": [],
            "edge_zone": null,
            "encryption": [],
            "flow_timeout_in_minutes": null,
            "ip_address_pool": [],
            "location": "swedencentral",
            "name": "camunda-vnet",
            "private_endpoint_vnet_policies": "Disabled",
            "resource_group_name": "camunda-rg",
            "tags": {
              "Environment": "Testing",
              "Purpose": "Reference Implementation"
            },
            "timeouts": null
          }
        }
      }
    },
    "module.postgres_db": {
      "resources": {
        "module.postgres_db.azurerm_postgresql_flexible_server.this": {
          "mode": "managed",
          "name": "this",
          "provider_name": "registry.terraform.io/hashicorp/azurerm",
          "schema_version": 0,
          "sensitive_values": {
            "administrator_password": true,
            "authentication": [],
            "customer_managed_key": [],
            "high_availability": [
              {}
            ],
            "identity": [],
            "maintenance_window": [],
            "tags": {}
          },
          "type": "azurerm_postgresql_flexible_server",
          "values": {
            "administrator_login": "secret_user",
            "administrator_password": "secretvalue%23",
            "administrator_password_wo": null,
            "administrator_password_wo_version": null,
            "auto_grow_enabled": false,
            "backup_retention_days": 7,
            "create_mode": null,
            "customer_managed_key": [],
            "delegated_subnet_id": null,
            "geo_redundant_backup_enabled": true,
            "high_availability": [
              {
                "mode": "ZoneRedundant",
                "standby_availability_zone": "2"
              }
            ],
            "identity": [],
            "location": "swedencentral",
            "maintenance_window": [],
            "name": "camunda-pg-server",
            "point_in_time_restore_time_in_utc": null,
            "public_network_access_enabled": false,
            "replication_role": null,
            "resource_group_name": "camunda-rg",
            "sku_name": "GP_Standard_D2s_v3",
            "source_server_id": null,
            "storage_mb": 32768,
            "tags": {
              "Environment": "Testing",
              "Purpose": "Reference Implementation"
            },
            "timeouts": null,
            "version": "15",
            "zone": "1"
          }
        },
        "module.postgres_db.azurerm_private_endpoint.postgres": {
          "mode": "managed",
          "name": "postgres",
          "provider_name": "registry.terraform.io/hashicorp/azurerm",
          "schema_version": 0,
          "sensitive_values": {
            "custom_dns_configs": [],
            "ip_configuration": [],
            "network_interface": [],
            "private_dns_zone_configs": [],
            "private_dns_zone_group": [
              {
                "private_dns_zone_ids": []
              }
            ],
            "private_service_connection": [
              {
                "subresource_names": [
                  false
                ]
              }
            ],
            "tags": {}
          },
          "type": "azurerm_private_endpoint",
          "values": {
            "custom_network_interface_name": null,
            "ip_configuration": [],
            "location": "swedencentral",
            "name": "camunda-pg-server-endpoint",
            "private_dns_zone_group": [
              {
                "name": "postgresql-dns-group"
              }
            ],
            "private_service_connection": [
              {
                "is_manual_connection": false,
                "name": "camunda-pg-server-privateserviceconnection",
                "private_connection_resource_alias": null,
                "request_message": null,
                "subresource_names": [
                  "postgresqlServer"
                ]
              }
            ],
            "resource_group_name": "camunda-rg",
            "tags": {
              "Environment": "Testing",
              "Purpose": "Reference Implementation"
            },
            "timeouts": null
          }
        }
      }
    }
  }
}
